[hermes on] Hermes, bytecode 99, 19.8 ms to start, RSS 7.4 MB
[hermes on] bulk.hbc: 73.9 ms, RSS 11.0 MB
[hermes on] workload.hbc: 17.6 ms, RSS 11.5 MB
[hermes on] sprites      100: p50    4.60 ms  p95    4.67  max    6.44 | RSS peak   11.9 MB | gc 0, 0.0 ms
[hermes on] sprites      400: p50   18.49 ms  p95   18.72  max   19.95 | RSS peak   12.3 MB | gc 0, 0.0 ms
[hermes on] sprites     1600: p50   75.24 ms  p95   75.58  max   76.90 | RSS peak   15.8 MB | gc 1, 32.2 ms
[hermes on] particles    250: p50    8.53 ms  p95    9.96  max   11.59 | RSS peak   15.8 MB | gc 0, 0.0 ms
[hermes on] particles   1000: p50   35.31 ms  p95   36.95  max   38.33 | RSS peak   15.8 MB | gc 0, 0.0 ms
[hermes on] particles   4000: p50  148.85 ms  p95  154.16  max  166.73 | RSS peak   17.1 MB | gc 2, 20.4 ms
[hermes on] platformer    10: p50    4.52 ms  p95    4.82  max    5.09 | RSS peak   21.9 MB | gc 0, 0.0 ms
[hermes on] platformer    50: p50    7.31 ms  p95    7.67  max   14.85 | RSS peak   26.8 MB | gc 1, 7.3 ms
[hermes on] platformer   200: p50   18.23 ms  p95   18.60  max   32.38 | RSS peak   31.9 MB | gc 2, 17.8 ms
[hermes on] shooter      100: p50    4.67 ms  p95    5.87  max    9.43 | RSS peak   32.1 MB | gc 1, 3.2 ms
[hermes on] shooter      400: p50   22.84 ms  p95   23.75  max   25.58 | RSS peak   32.1 MB | gc 0, 0.0 ms
[hermes on] shooter     1600: p50   96.72 ms  p95   97.50  max  104.89 | RSS peak   33.6 MB | gc 3, 28.0 ms
[hermes on] puzzle        64: p50    3.01 ms  p95    4.19  max    4.42 | RSS peak   33.6 MB | gc 0, 0.0 ms
[hermes on] puzzle       256: p50   12.21 ms  p95   17.50  max   17.74 | RSS peak   33.6 MB | gc 0, 0.0 ms
[hermes on] puzzle      1024: p50   49.98 ms  p95   75.52  max   96.61 | RSS peak   35.6 MB | gc 1, 27.7 ms
[hermes on] swarm         50: p50    3.65 ms  p95    4.20  max   46.35 | RSS peak   36.0 MB | gc 1, 11.0 ms
[hermes on] swarm        200: p50   16.93 ms  p95   18.17  max   24.21 | RSS peak   36.2 MB | gc 2, 9.9 ms
[hermes on] swarm        500: p50   56.22 ms  p95   57.30  max   60.40 | RSS peak   36.6 MB | gc 5, 23.8 ms
[hermes on] vector         3: p50   11.64 ms  p95   11.93  max   14.13 | RSS peak   36.7 MB | gc 3, 8.6 ms
[hermes on] vector        12: p50   46.35 ms  p95   48.70  max   49.22 | RSS peak   36.7 MB | gc 10, 22.9 ms
[hermes on] vector        48: p50  184.86 ms  p95  187.60  max  189.42 | RSS peak   36.9 MB | gc 41, 97.0 ms
[hermes on] ui             5: p50    5.74 ms  p95    5.96  max    8.93 | RSS peak   37.0 MB | gc 1, 2.8 ms
[hermes on] ui            20: p50   20.48 ms  p95   21.69  max   24.96 | RSS peak   37.0 MB | gc 3, 9.9 ms
[hermes on] ui            80: p50   79.82 ms  p95   84.65  max   87.04 | RSS peak   37.0 MB | gc 14, 70.8 ms
report: results/hermes-jit.json
