[spidermonkey off] JavaScript-C128.14.0, 212.8 ms to start, RSS 15.9 MB
[spidermonkey off] bulk.js: 901.5 ms, RSS 24.2 MB
[spidermonkey off] workload.js: 71.7 ms, RSS 24.4 MB
[spidermonkey off] sprites       25: p50    6.07 ms  p95    6.69  max    6.69 | RSS peak   24.7 MB | gc 0, 0.0 ms
[spidermonkey off] sprites      100: p50   23.88 ms  p95   24.53  max   24.54 | RSS peak   24.7 MB | gc 0, 0.0 ms
[spidermonkey off] sprites      400: p50   92.15 ms  p95   92.42  max   93.65 | RSS peak   24.8 MB | gc 0, 0.0 ms
[spidermonkey off] particles     63: p50    7.75 ms  p95    9.08  max   11.90 | RSS peak   24.8 MB | gc 0, 0.0 ms
[spidermonkey off] particles    250: p50   30.21 ms  p95   44.96  max   47.22 | RSS peak   24.8 MB | gc 0, 0.0 ms
[spidermonkey off] particles   1000: p50  135.94 ms  p95  192.73  max  193.55 | RSS peak   25.2 MB | gc 1, 5.0 ms
[spidermonkey off] platformer     3: p50   21.24 ms  p95   21.52  max   21.53 | RSS peak   28.2 MB | gc 0, 0.0 ms
[spidermonkey off] platformer    13: p50   25.02 ms  p95   25.51  max   29.13 | RSS peak   32.1 MB | gc 1, 3.6 ms
[spidermonkey off] platformer    50: p50   38.97 ms  p95   40.42  max   40.53 | RSS peak   35.8 MB | gc 1, 2.6 ms
[spidermonkey off] shooter       25: p50    6.98 ms  p95    8.33  max    8.34 | RSS peak   35.9 MB | gc 0, 0.0 ms
[spidermonkey off] shooter      100: p50   23.84 ms  p95   28.64  max   28.82 | RSS peak   36.1 MB | gc 0, 0.0 ms
[spidermonkey off] shooter      400: p50   85.81 ms  p95  111.33  max  111.37 | RSS peak   36.2 MB | gc 1, 0.4 ms
[spidermonkey off] puzzle        16: p50    5.03 ms  p95    6.06  max    6.41 | RSS peak   36.2 MB | gc 0, 0.0 ms
[spidermonkey off] puzzle        64: p50   15.71 ms  p95   20.59  max   21.06 | RSS peak   36.3 MB | gc 0, 0.0 ms
[spidermonkey off] puzzle       256: p50   64.42 ms  p95   89.27  max   95.71 | RSS peak   36.8 MB | gc 0, 0.0 ms
[spidermonkey off] swarm         13: p50    5.33 ms  p95    5.90  max    5.96 | RSS peak   36.8 MB | gc 0, 0.0 ms
[spidermonkey off] swarm         50: p50   19.63 ms  p95   20.50  max   24.68 | RSS peak   37.1 MB | gc 1, 4.5 ms
[spidermonkey off] swarm        125: p50   51.19 ms  p95   52.64  max   56.64 | RSS peak   37.4 MB | gc 1, 5.1 ms
[spidermonkey off] vector         1: p50   55.46 ms  p95   55.73  max   56.59 | RSS peak   37.4 MB | gc 1, 0.7 ms
[spidermonkey off] vector         3: p50  175.46 ms  p95  205.93  max  226.31 | RSS peak   37.4 MB | gc 4, 1.3 ms
[spidermonkey off] vector        12: p50  669.53 ms  p95  720.39  max  731.66 | RSS peak   37.3 MB | gc 30, 9.5 ms
[spidermonkey off] ui             1: p50    7.65 ms  p95    7.88  max    8.42 | RSS peak   37.5 MB | gc 0, 0.0 ms
[spidermonkey off] ui             5: p50   23.72 ms  p95   24.33  max   24.42 | RSS peak   37.9 MB | gc 1, 0.8 ms
[spidermonkey off] ui            20: p50   83.73 ms  p95   86.52  max   86.85 | RSS peak   39.1 MB | gc 1, 0.9 ms
report: results/sm-interp.json
