[spidermonkey on] JavaScript-C128.14.0, 163.0 ms to start, RSS 16.0 MB
[spidermonkey on] bulk.stencil: 131.8 ms, RSS 24.2 MB
[spidermonkey on] workload.stencil: 28.7 ms, RSS 24.7 MB
[spidermonkey on] sprites      100: p50    0.70 ms  p95    1.06  max    2.42 | RSS peak   28.3 MB | gc 0, 0.0 ms
[spidermonkey on] sprites      400: p50    2.73 ms  p95    2.83  max    3.78 | RSS peak   28.7 MB | gc 0, 0.0 ms
[spidermonkey on] sprites     1600: p50   11.76 ms  p95   11.88  max   12.71 | RSS peak   29.8 MB | gc 0, 0.0 ms
[spidermonkey on] particles    250: p50    1.44 ms  p95    2.49  max    4.91 | RSS peak   31.4 MB | gc 0, 0.0 ms
[spidermonkey on] particles   1000: p50    6.27 ms  p95    7.76  max   16.94 | RSS peak   31.2 MB | gc 1, 6.2 ms
[spidermonkey on] particles   4000: p50   26.07 ms  p95   27.79  max   30.64 | RSS peak   32.0 MB | gc 4, 13.1 ms
[spidermonkey on] platformer    10: p50    1.46 ms  p95    2.52  max    5.88 | RSS peak   37.0 MB | gc 1, 3.7 ms
[spidermonkey on] platformer    50: p50    1.92 ms  p95    2.95  max    3.55 | RSS peak   41.1 MB | gc 3, 3.4 ms
[spidermonkey on] platformer   200: p50    5.24 ms  p95    6.50  max    6.95 | RSS peak   45.7 MB | gc 12, 3.9 ms
[spidermonkey on] shooter      100: p50    1.17 ms  p95    1.81  max    3.68 | RSS peak   45.9 MB | gc 2, 2.1 ms
[spidermonkey on] shooter      400: p50    5.44 ms  p95    6.64  max    9.11 | RSS peak   46.1 MB | gc 2, 6.0 ms
[spidermonkey on] shooter     1600: p50   24.26 ms  p95   27.22  max   33.22 | RSS peak   48.4 MB | gc 6, 30.9 ms
[spidermonkey on] puzzle        64: p50    0.83 ms  p95    2.28  max    3.13 | RSS peak   48.6 MB | gc 0, 0.0 ms
[spidermonkey on] puzzle       256: p50    3.12 ms  p95    5.00  max    8.40 | RSS peak   49.2 MB | gc 1, 4.1 ms
[spidermonkey on] puzzle      1024: p50   12.16 ms  p95   21.21  max   27.67 | RSS peak   50.4 MB | gc 4, 15.5 ms
[spidermonkey on] swarm         50: p50    1.11 ms  p95    1.88  max    3.90 | RSS peak   50.8 MB | gc 2, 3.8 ms
[spidermonkey on] swarm        200: p50    4.20 ms  p95    5.49  max    6.50 | RSS peak   51.3 MB | gc 3, 5.0 ms
[spidermonkey on] swarm        500: p50   13.75 ms  p95   18.40  max   37.27 | RSS peak   54.3 MB | gc 6, 44.4 ms
[spidermonkey on] vector         3: p50    3.02 ms  p95    3.52  max    4.29 | RSS peak   53.6 MB | gc 14, 8.1 ms
[spidermonkey on] vector        12: p50   11.86 ms  p95   12.61  max   14.39 | RSS peak   54.0 MB | gc 70, 23.5 ms
[spidermonkey on] vector        48: p50   47.43 ms  p95   51.35  max   64.29 | RSS peak   55.8 MB | gc 247, 95.7 ms
[spidermonkey on] ui             5: p50    0.88 ms  p95    1.63  max    4.45 | RSS peak   56.1 MB | gc 5, 3.1 ms
[spidermonkey on] ui            20: p50    3.35 ms  p95    3.76  max    5.17 | RSS peak   57.7 MB | gc 6, 8.0 ms
[spidermonkey on] ui            80: p50   12.78 ms  p95   16.88  max   28.52 | RSS peak   60.4 MB | gc 16, 70.5 ms
report: results/sm-jit-lazy.json
